main.c:78:1:__io_putchar	16	static
main.c:90:5:main	8	static
main.c:138:6:SystemClock_Config	72	static
main.c:176:13:MX_TIM1_Init	48	static
main.c:235:13:MX_TIM2_Init	32	static
main.c:280:13:MX_USART1_UART_Init	8	static
main.c:313:13:MX_GPIO_Init	32	static
main.c:344:6:HAL_GPIO_EXTI_Callback	16	static
main.c:362:6:HAL_TIM_IC_CaptureCallback	32	static
main.c:405:6:command_send	24	static
main.c:422:6:command_send_high	8	static
main.c:429:6:command_send_low	8	static
main.c:436:6:delay_us	24	static
main.c:447:6:unlock	8	static
main.c:461:6:lock	8	static
main.c:477:6:Error_Handler	4	static,ignoring_inline_asm
