main.c:100:5:main	16	static
main.c:168:6:SystemClock_Config	88	static
main.c:216:13:MX_ADC1_Init	24	static
main.c:261:13:MX_RTC_Init	16	static
main.c:318:13:MX_TIM1_Init	32	static
main.c:364:13:MX_TIM2_Init	64	static
main.c:423:13:MX_TIM3_Init	32	static
main.c:468:13:MX_USART2_UART_Init	8	static
main.c:500:13:MX_DMA_Init	16	static
main.c:518:13:MX_GPIO_Init	40	static
main.c:562:6:HAL_TIM_PeriodElapsedCallback	24	static
main.c:602:6:uart2pwm	24	static
main.c:623:6:USAR_UART_IDLECallback	24	static
main.c:640:6:HAL_UART_RxCpltCallback	16	static
main.c:676:6:set_pwm	48	static
main.c:687:6:LEDS_INIT	4	static
main.c:702:6:KEYS_INIT	4	static
main.c:723:6:Error_Handler	4	static,ignoring_inline_asm
