main.c:75:5:main	24	static
main.c:178:6:SystemClock_Config	72	static
main.c:217:13:MX_TIM3_Init	64	static
main.c:288:13:MX_USART1_UART_Init	8	static
main.c:319:13:MX_DMA_Init	16	static
main.c:337:13:MX_GPIO_Init	40	static
main.c:360:6:HAL_UART_RxCpltCallback	16	static
main.c:367:6:USAR_UART_IDLECallback	24	static
main.c:380:6:USER_UART_IRQHandler	24	static
main.c:394:6:motor_control	16	static
main.c:414:6:motor_stop	16	static
main.c:422:6:waiting_rasp	24	static
main.c:437:6:motor_init	16	static
main.c:455:6:Error_Handler	4	static,ignoring_inline_asm
