15:20:57 **** Incremental Build of configuration Debug for project RASPBERRY_PI_SPEED_TEST ****
make -j6 all 
arm-none-eabi-gcc "../Core/Src/main.c" -mcpu=cortex-m4 -std=gnu11 -g3 -DDEBUG -DUSE_HAL_DRIVER -DSTM32F401xE -c -I../Core/Inc -I../Drivers/STM32F4xx_HAL_Driver/Inc -I../Drivers/STM32F4xx_HAL_Driver/Inc/Legacy -I../Drivers/CMSIS/Device/ST/STM32F4xx/Include -I../Drivers/CMSIS/Include -O0 -ffunction-sections -fdata-sections -Wall -fstack-usage -MMD -MP -MF"Core/Src/main.d" -MT"Core/Src/main.o" --specs=nano.specs -mfpu=fpv4-sp-d16 -mfloat-abi=hard -mthumb -o "Core/Src/main.o"
arm-none-eabi-gcc -o "RASPBERRY_PI_SPEED_TEST.elf" @"objects.list"   -mcpu=cortex-m4 -T"C:\Users\vortex\Desktop\stm32_cube_proj\RASPBERRY_PI_SPEED_TEST\STM32F401CDUX_FLASH.ld" --specs=nosys.specs -Wl,-Map="RASPBERRY_PI_SPEED_TEST.map" -Wl,--gc-sections -static --specs=nano.specs -mfpu=fpv4-sp-d16 -mfloat-abi=hard -mthumb -Wl,--start-group -lc -lm -Wl,--end-group
Finished building target: RASPBERRY_PI_SPEED_TEST.elf
 
arm-none-eabi-size   RASPBERRY_PI_SPEED_TEST.elf 
arm-none-eabi-objdump -h -S  RASPBERRY_PI_SPEED_TEST.elf  > "RASPBERRY_PI_SPEED_TEST.list"
arm-none-eabi-objcopy  -O binary  RASPBERRY_PI_SPEED_TEST.elf  "RASPBERRY_PI_SPEED_TEST.bin"
   text	   data	    bss	    dec	    hex	filename
  10320	     20	   1644	  11984	   2ed0	RASPBERRY_PI_SPEED_TEST.elf
Finished building: default.size.stdout
 
Finished building: RASPBERRY_PI_SPEED_TEST.bin
 
Finished building: RASPBERRY_PI_SPEED_TEST.list
 

15:20:59 Build Finished. 0 errors, 0 warnings. (took 1s.201ms)

